Files in directory \Programs (disk 1)
VIEW-MSS SAV     83360 03-11-96   9:00a
LOOKAT   SAV     89700 03-11-96   9:30a
CHNTSRCH SAV    120185 03-12-96   4:23a
EXTR-MSS SAV    108020 02-27-96   9:57a
KLIC.SAV         98745 03-12-96   5:02a
@NB-WP5  WPM      1543 06-10-94  12:24p
@NB-WP6  WPM     13998 06-27-94  10:04p

Other Files (disk 1)
CH-READ  ME      12966 03-14-96  12:10a
CH-READ  WP5     16961 03-14-96  12:09p
CHNTSRCH DOC      3850 03-11-96  11:19a
CHNTSRCH WP5      4682 03-11-96  11:19a
ERRATA            1083 03-12-96   8:42a

Files in directory \LMLO1 (disk 1)
CHAP-1   ASC     14389 05-15-94  12:13p
CHAP-3   ASC     22913 05-15-94  12:28p
CHAP-4   ASC     25548 05-15-94  12:29p
CHAP-5   ASC     19546 05-15-94  12:30p
CHAP-9   ASC     43582 05-15-94  12:31p

Files in directory \LMLO2\Book (disk 1)
AFTERWRD V2       5020 02-05-96   5:12a
APP-7-13 ASC     66264 01-28-96  11:14a
APP-INTR ASC      3513 02-05-96   9:05a
FSTNAMES ASC      5091 01-28-96  10:23a
KALENDAR ASC     27142 01-28-96   9:46a
LIT-YEAR ASC     14427 02-05-96   9:06a
MSS-NDXS ASC     92856 02-05-96   9:07a
SOURCES  ASC    105969 01-28-96  11:02a
CHAP-1   V2      21605 02-04-96   5:20p
CHAP-2   V2      23858 02-05-96   5:07a
CHAP-3   V2     129101 02-05-96   5:08a
CHAP-4   V2      26386 02-05-96   5:09a
CHAP-5   V2      38879 02-05-96   5:09a
CHAP-6   V2      44139 02-05-96   5:09a
CHAP-7   V2      39032 02-05-96   5:10a
CHAP-8   V2      49369 02-05-96   5:10a
CHAP-9   V2      14550 02-05-96   5:11a
CHAP-10  V2      21605 02-05-96   5:11a
HLIST    V2      56498 02-05-96   5:11a
INTRO    V2      17523 02-04-96   5:19p
LMO2BIBL ASC     92642 01-28-96   4:36p
PREFACE  V2       9376 02-04-96   5:18p
QRG      V2      52494 02-05-96   5:12a

Files in directory \LMLO2\Mss-data (disk 1)
MSS-0000 ASC     63800 11-11-95  10:57a
MSS-ABCD 34S    158073 02-20-96   8:42a
MSS-EA-Z 34S     97522 02-20-96   8:43a
MSS-ECLO 34S    255850 12-28-95   5:28p
MSS-F    34S    216249 02-20-96   8:44a
MSS-G    34S    236027 01-28-96   3:43p
MSS-H-Z  34S    237517 02-20-96   8:51a
MSS-I    34S    231803 01-28-96   6:03p
MSS-P    34S     54296 02-20-96   8:51a
MSS-U    34S    109111 12-03-95  10:45a

Files in directory \Chants\Humberts.Ant (disk 2)
CH-D-0   40     127996 02-20-96   8:59a
CH-D-1   40     125551 02-20-96   9:01a
CH-D-2   40      64196 02-20-96   9:02a
CH-D-3   40     110084 02-20-96   9:04a
CH-D-4   40      63831 02-20-96   9:05a
CH-D-5   40     245046 02-20-96   9:09a
CH-D-6   40     124687 02-20-96   9:11a
CH-D-7   40     234202 02-20-96   9:14a
CH-D-8-@ 40     206926 02-20-96   9:17a
CH-D-8-B 40     155665 02-27-96  10:36a
CH-D-8-F 40     115063 02-20-96   9:22a
CH-D-8-H 40     124607 02-20-96   9:23a
CH-D-8-I 40     186809 02-20-96   9:26a
CH-D-9   40      20886 02-20-96   9:27a

Files in directory \Chants\Longwrds (disk 2)
CH-D-LWD SRT     38984 02-20-96  10:15a
CH-D-MEL SRT     18593 02-20-96  10:16a
LWD      V41     62907 03-10-96   3:02p
MEL      V41     47670 03-10-96   3:03p

Files in directory \Chants\Rhymed.off (disk 2)
CH-RO-A     V41    166348 03-10-96   2:24p
CH-RO-B     V41    102831 03-09-96   7:44p
CH-RO-C     V41    238112 03-10-96   4:34p
CH-RO-D     V41     66634 03-10-96   4:44p
CH-RO-E     V41    139066 03-10-96   4:44p
CH-RO-F     V41     38176 03-10-96  12:43p
CH-RO-G     V41     87855 03-10-96  12:12p
CH-RO-H     V41     88366 03-10-96   7:01p
CH-RO-IK    V41     92549 03-09-96   6:56p
CH-RO-L     V41    110819 03-10-96   7:16p
CH-RO-O     V41    125859 03-10-96   4:33p
CH-RO-P     V41     13758 03-09-96   7:02p
CH-RO-S     V41    171996 03-10-96   7:27p
CH-RO-T     V41    146712 03-09-96   7:08p
CH-RO-X     V41    250892 03-10-96   1:02p
CH-RO-Y     V41    131883 03-10-96   7:08p
